DEBUG - 2026-07-10 05:01:12 --> Session: Class initialized using 'CodeIgniter\Session\Handlers\FileHandler' driver.
DEBUG - 2026-07-10 05:01:12 --> Session: Class initialized using 'CodeIgniter\Session\Handlers\FileHandler' driver.
DEBUG - 2026-07-10 05:01:29 --> Session: Class initialized using 'CodeIgniter\Session\Handlers\FileHandler' driver.
DEBUG - 2026-07-10 05:01:30 --> Session: Class initialized using 'CodeIgniter\Session\Handlers\FileHandler' driver.
DEBUG - 2026-07-10 05:01:33 --> Session: Class initialized using 'CodeIgniter\Session\Handlers\FileHandler' driver.
CRITICAL - 2026-07-10 05:01:33 --> CodeIgniter\Exceptions\BadMethodCallException: Call to undefined method App\Models\ProduitModel::countProduits
[Method: GET, Route: magasinier/dashboard]
in SYSTEMPATH\Model.php on line 761.
 1 APPPATH\Services\ProduitService.php(104): CodeIgniter\Model->__call('countProduits', [])
 2 APPPATH\Controllers\MagasinierController.php(33): App\Services\ProduitService->getStatsDashboard()
 3 SYSTEMPATH\CodeIgniter.php(951): App\Controllers\MagasinierController->dashboard()
 4 SYSTEMPATH\CodeIgniter.php(497): CodeIgniter\CodeIgniter->runController(Object(App\Controllers\MagasinierController))
 5 SYSTEMPATH\CodeIgniter.php(340): CodeIgniter\CodeIgniter->handleRequest(null, Object(Config\Cache), false)
 6 SYSTEMPATH\Boot.php(417): CodeIgniter\CodeIgniter->run()
 7 SYSTEMPATH\Boot.php(68): CodeIgniter\Boot::runCodeIgniter(Object(CodeIgniter\CodeIgniter))
 8 FCPATH\index.php(59): CodeIgniter\Boot::bootWeb(Object(Config\Paths))
 9 SYSTEMPATH\rewrite.php(44): require_once('C:\\Users\\Honore\\Documents\\GitHub\\ecopanier-S4-Mme-Baovola\\public\\index.php')
DEBUG - 2026-07-10 05:01:35 --> Session: Class initialized using 'CodeIgniter\Session\Handlers\FileHandler' driver.
DEBUG - 2026-07-10 05:01:40 --> Session: Class initialized using 'CodeIgniter\Session\Handlers\FileHandler' driver.
CRITICAL - 2026-07-10 05:01:40 --> CodeIgniter\Exceptions\BadMethodCallException: Call to undefined method App\Models\ProduitModel::countProduits
[Method: GET, Route: magasinier/dashboard]
in SYSTEMPATH\Model.php on line 761.
 1 APPPATH\Services\ProduitService.php(104): CodeIgniter\Model->__call('countProduits', [])
 2 APPPATH\Controllers\MagasinierController.php(33): App\Services\ProduitService->getStatsDashboard()
 3 SYSTEMPATH\CodeIgniter.php(951): App\Controllers\MagasinierController->dashboard()
 4 SYSTEMPATH\CodeIgniter.php(497): CodeIgniter\CodeIgniter->runController(Object(App\Controllers\MagasinierController))
 5 SYSTEMPATH\CodeIgniter.php(340): CodeIgniter\CodeIgniter->handleRequest(null, Object(Config\Cache), false)
 6 SYSTEMPATH\Boot.php(417): CodeIgniter\CodeIgniter->run()
 7 SYSTEMPATH\Boot.php(68): CodeIgniter\Boot::runCodeIgniter(Object(CodeIgniter\CodeIgniter))
 8 FCPATH\index.php(59): CodeIgniter\Boot::bootWeb(Object(Config\Paths))
 9 SYSTEMPATH\rewrite.php(44): require_once('C:\\Users\\Honore\\Documents\\GitHub\\ecopanier-S4-Mme-Baovola\\public\\index.php')
DEBUG - 2026-07-10 05:01:49 --> Session: Class initialized using 'CodeIgniter\Session\Handlers\FileHandler' driver.
DEBUG - 2026-07-10 05:01:50 --> Session: Class initialized using 'CodeIgniter\Session\Handlers\FileHandler' driver.
WARNING - 2026-07-10 05:01:50 --> [DEPRECATED] strtotime(): Passing null to parameter #1 ($datetime) of type string is deprecated in APPPATH\Views\magasinier\categoriesProduits.php on line 140.
 1 APPPATH\Views\magasinier\categoriesProduits.php(140): strtotime(null)
 2 SYSTEMPATH\View\View.php(240): include('C:\\Users\\Honore\\Documents\\GitHub\\ecopanier-S4-Mme-Baovola\\app\\Views\\magasinier\\categoriesProduits.php')
 3 SYSTEMPATH\View\View.php(243): CodeIgniter\View\View->{closure:CodeIgniter\View\View::render():237}()
 4 SYSTEMPATH\Common.php(1250): CodeIgniter\View\View->render('magasinier/categoriesProduits', [], true)
 5 APPPATH\Controllers\MagasinierController.php(48): view('magasinier/categoriesProduits', [...])
 6 SYSTEMPATH\CodeIgniter.php(951): App\Controllers\MagasinierController->listerCategories()
 7 SYSTEMPATH\CodeIgniter.php(497): CodeIgniter\CodeIgniter->runController(Object(App\Controllers\MagasinierController))
 8 SYSTEMPATH\CodeIgniter.php(340): CodeIgniter\CodeIgniter->handleRequest(null, Object(Config\Cache), false)
 9 SYSTEMPATH\Boot.php(417): CodeIgniter\CodeIgniter->run()
10 SYSTEMPATH\Boot.php(68): CodeIgniter\Boot::runCodeIgniter(Object(CodeIgniter\CodeIgniter))
11 FCPATH\index.php(59): CodeIgniter\Boot::bootWeb(Object(Config\Paths))
12 SYSTEMPATH\rewrite.php(44): require_once('C:\\Users\\Honore\\Documents\\GitHub\\ecopanier-S4-Mme-Baovola\\public\\index.php')
WARNING - 2026-07-10 05:01:50 --> [DEPRECATED] strtotime(): Passing null to parameter #1 ($datetime) of type string is deprecated in APPPATH\Views\magasinier\categoriesProduits.php on line 140.
 1 APPPATH\Views\magasinier\categoriesProduits.php(140): strtotime(null)
 2 SYSTEMPATH\View\View.php(240): include('C:\\Users\\Honore\\Documents\\GitHub\\ecopanier-S4-Mme-Baovola\\app\\Views\\magasinier\\categoriesProduits.php')
 3 SYSTEMPATH\View\View.php(243): CodeIgniter\View\View->{closure:CodeIgniter\View\View::render():237}()
 4 SYSTEMPATH\Common.php(1250): CodeIgniter\View\View->render('magasinier/categoriesProduits', [], true)
 5 APPPATH\Controllers\MagasinierController.php(48): view('magasinier/categoriesProduits', [...])
 6 SYSTEMPATH\CodeIgniter.php(951): App\Controllers\MagasinierController->listerCategories()
 7 SYSTEMPATH\CodeIgniter.php(497): CodeIgniter\CodeIgniter->runController(Object(App\Controllers\MagasinierController))
 8 SYSTEMPATH\CodeIgniter.php(340): CodeIgniter\CodeIgniter->handleRequest(null, Object(Config\Cache), false)
 9 SYSTEMPATH\Boot.php(417): CodeIgniter\CodeIgniter->run()
10 SYSTEMPATH\Boot.php(68): CodeIgniter\Boot::runCodeIgniter(Object(CodeIgniter\CodeIgniter))
11 FCPATH\index.php(59): CodeIgniter\Boot::bootWeb(Object(Config\Paths))
12 SYSTEMPATH\rewrite.php(44): require_once('C:\\Users\\Honore\\Documents\\GitHub\\ecopanier-S4-Mme-Baovola\\public\\index.php')
WARNING - 2026-07-10 05:01:50 --> [DEPRECATED] strtotime(): Passing null to parameter #1 ($datetime) of type string is deprecated in APPPATH\Views\magasinier\categoriesProduits.php on line 140.
 1 APPPATH\Views\magasinier\categoriesProduits.php(140): strtotime(null)
 2 SYSTEMPATH\View\View.php(240): include('C:\\Users\\Honore\\Documents\\GitHub\\ecopanier-S4-Mme-Baovola\\app\\Views\\magasinier\\categoriesProduits.php')
 3 SYSTEMPATH\View\View.php(243): CodeIgniter\View\View->{closure:CodeIgniter\View\View::render():237}()
 4 SYSTEMPATH\Common.php(1250): CodeIgniter\View\View->render('magasinier/categoriesProduits', [], true)
 5 APPPATH\Controllers\MagasinierController.php(48): view('magasinier/categoriesProduits', [...])
 6 SYSTEMPATH\CodeIgniter.php(951): App\Controllers\MagasinierController->listerCategories()
 7 SYSTEMPATH\CodeIgniter.php(497): CodeIgniter\CodeIgniter->runController(Object(App\Controllers\MagasinierController))
 8 SYSTEMPATH\CodeIgniter.php(340): CodeIgniter\CodeIgniter->handleRequest(null, Object(Config\Cache), false)
 9 SYSTEMPATH\Boot.php(417): CodeIgniter\CodeIgniter->run()
10 SYSTEMPATH\Boot.php(68): CodeIgniter\Boot::runCodeIgniter(Object(CodeIgniter\CodeIgniter))
11 FCPATH\index.php(59): CodeIgniter\Boot::bootWeb(Object(Config\Paths))
12 SYSTEMPATH\rewrite.php(44): require_once('C:\\Users\\Honore\\Documents\\GitHub\\ecopanier-S4-Mme-Baovola\\public\\index.php')
WARNING - 2026-07-10 05:01:50 --> [DEPRECATED] strtotime(): Passing null to parameter #1 ($datetime) of type string is deprecated in APPPATH\Views\magasinier\categoriesProduits.php on line 140.
 1 APPPATH\Views\magasinier\categoriesProduits.php(140): strtotime(null)
 2 SYSTEMPATH\View\View.php(240): include('C:\\Users\\Honore\\Documents\\GitHub\\ecopanier-S4-Mme-Baovola\\app\\Views\\magasinier\\categoriesProduits.php')
 3 SYSTEMPATH\View\View.php(243): CodeIgniter\View\View->{closure:CodeIgniter\View\View::render():237}()
 4 SYSTEMPATH\Common.php(1250): CodeIgniter\View\View->render('magasinier/categoriesProduits', [], true)
 5 APPPATH\Controllers\MagasinierController.php(48): view('magasinier/categoriesProduits', [...])
 6 SYSTEMPATH\CodeIgniter.php(951): App\Controllers\MagasinierController->listerCategories()
 7 SYSTEMPATH\CodeIgniter.php(497): CodeIgniter\CodeIgniter->runController(Object(App\Controllers\MagasinierController))
 8 SYSTEMPATH\CodeIgniter.php(340): CodeIgniter\CodeIgniter->handleRequest(null, Object(Config\Cache), false)
 9 SYSTEMPATH\Boot.php(417): CodeIgniter\CodeIgniter->run()
10 SYSTEMPATH\Boot.php(68): CodeIgniter\Boot::runCodeIgniter(Object(CodeIgniter\CodeIgniter))
11 FCPATH\index.php(59): CodeIgniter\Boot::bootWeb(Object(Config\Paths))
12 SYSTEMPATH\rewrite.php(44): require_once('C:\\Users\\Honore\\Documents\\GitHub\\ecopanier-S4-Mme-Baovola\\public\\index.php')
DEBUG - 2026-07-10 05:01:51 --> Session: Class initialized using 'CodeIgniter\Session\Handlers\FileHandler' driver.
CRITICAL - 2026-07-10 05:01:51 --> CodeIgniter\Exceptions\BadMethodCallException: Call to undefined method App\Models\ProduitModel::getProduitsFiltres
[Method: GET, Route: magasinier/produits]
in SYSTEMPATH\Model.php on line 761.
 1 APPPATH\Services\ProduitService.php(19): CodeIgniter\Model->__call('getProduitsFiltres', [...])
 2 APPPATH\Controllers\MagasinierController.php(92): App\Services\ProduitService->getProduitsAvecFiltres([])
 3 SYSTEMPATH\CodeIgniter.php(951): App\Controllers\MagasinierController->produits()
 4 SYSTEMPATH\CodeIgniter.php(497): CodeIgniter\CodeIgniter->runController(Object(App\Controllers\MagasinierController))
 5 SYSTEMPATH\CodeIgniter.php(340): CodeIgniter\CodeIgniter->handleRequest(null, Object(Config\Cache), false)
 6 SYSTEMPATH\Boot.php(417): CodeIgniter\CodeIgniter->run()
 7 SYSTEMPATH\Boot.php(68): CodeIgniter\Boot::runCodeIgniter(Object(CodeIgniter\CodeIgniter))
 8 FCPATH\index.php(59): CodeIgniter\Boot::bootWeb(Object(Config\Paths))
 9 SYSTEMPATH\rewrite.php(44): require_once('C:\\Users\\Honore\\Documents\\GitHub\\ecopanier-S4-Mme-Baovola\\public\\index.php')
DEBUG - 2026-07-10 05:01:53 --> Session: Class initialized using 'CodeIgniter\Session\Handlers\FileHandler' driver.
WARNING - 2026-07-10 05:01:53 --> [DEPRECATED] strtotime(): Passing null to parameter #1 ($datetime) of type string is deprecated in APPPATH\Views\magasinier\categoriesProduits.php on line 140.
 1 APPPATH\Views\magasinier\categoriesProduits.php(140): strtotime(null)
 2 SYSTEMPATH\View\View.php(240): include('C:\\Users\\Honore\\Documents\\GitHub\\ecopanier-S4-Mme-Baovola\\app\\Views\\magasinier\\categoriesProduits.php')
 3 SYSTEMPATH\View\View.php(243): CodeIgniter\View\View->{closure:CodeIgniter\View\View::render():237}()
 4 SYSTEMPATH\Common.php(1250): CodeIgniter\View\View->render('magasinier/categoriesProduits', [], true)
 5 APPPATH\Controllers\MagasinierController.php(48): view('magasinier/categoriesProduits', [...])
 6 SYSTEMPATH\CodeIgniter.php(951): App\Controllers\MagasinierController->listerCategories()
 7 SYSTEMPATH\CodeIgniter.php(497): CodeIgniter\CodeIgniter->runController(Object(App\Controllers\MagasinierController))
 8 SYSTEMPATH\CodeIgniter.php(340): CodeIgniter\CodeIgniter->handleRequest(null, Object(Config\Cache), false)
 9 SYSTEMPATH\Boot.php(417): CodeIgniter\CodeIgniter->run()
10 SYSTEMPATH\Boot.php(68): CodeIgniter\Boot::runCodeIgniter(Object(CodeIgniter\CodeIgniter))
11 FCPATH\index.php(59): CodeIgniter\Boot::bootWeb(Object(Config\Paths))
12 SYSTEMPATH\rewrite.php(44): require_once('C:\\Users\\Honore\\Documents\\GitHub\\ecopanier-S4-Mme-Baovola\\public\\index.php')
WARNING - 2026-07-10 05:01:53 --> [DEPRECATED] strtotime(): Passing null to parameter #1 ($datetime) of type string is deprecated in APPPATH\Views\magasinier\categoriesProduits.php on line 140.
 1 APPPATH\Views\magasinier\categoriesProduits.php(140): strtotime(null)
 2 SYSTEMPATH\View\View.php(240): include('C:\\Users\\Honore\\Documents\\GitHub\\ecopanier-S4-Mme-Baovola\\app\\Views\\magasinier\\categoriesProduits.php')
 3 SYSTEMPATH\View\View.php(243): CodeIgniter\View\View->{closure:CodeIgniter\View\View::render():237}()
 4 SYSTEMPATH\Common.php(1250): CodeIgniter\View\View->render('magasinier/categoriesProduits', [], true)
 5 APPPATH\Controllers\MagasinierController.php(48): view('magasinier/categoriesProduits', [...])
 6 SYSTEMPATH\CodeIgniter.php(951): App\Controllers\MagasinierController->listerCategories()
 7 SYSTEMPATH\CodeIgniter.php(497): CodeIgniter\CodeIgniter->runController(Object(App\Controllers\MagasinierController))
 8 SYSTEMPATH\CodeIgniter.php(340): CodeIgniter\CodeIgniter->handleRequest(null, Object(Config\Cache), false)
 9 SYSTEMPATH\Boot.php(417): CodeIgniter\CodeIgniter->run()
10 SYSTEMPATH\Boot.php(68): CodeIgniter\Boot::runCodeIgniter(Object(CodeIgniter\CodeIgniter))
11 FCPATH\index.php(59): CodeIgniter\Boot::bootWeb(Object(Config\Paths))
12 SYSTEMPATH\rewrite.php(44): require_once('C:\\Users\\Honore\\Documents\\GitHub\\ecopanier-S4-Mme-Baovola\\public\\index.php')
WARNING - 2026-07-10 05:01:53 --> [DEPRECATED] strtotime(): Passing null to parameter #1 ($datetime) of type string is deprecated in APPPATH\Views\magasinier\categoriesProduits.php on line 140.
 1 APPPATH\Views\magasinier\categoriesProduits.php(140): strtotime(null)
 2 SYSTEMPATH\View\View.php(240): include('C:\\Users\\Honore\\Documents\\GitHub\\ecopanier-S4-Mme-Baovola\\app\\Views\\magasinier\\categoriesProduits.php')
 3 SYSTEMPATH\View\View.php(243): CodeIgniter\View\View->{closure:CodeIgniter\View\View::render():237}()
 4 SYSTEMPATH\Common.php(1250): CodeIgniter\View\View->render('magasinier/categoriesProduits', [], true)
 5 APPPATH\Controllers\MagasinierController.php(48): view('magasinier/categoriesProduits', [...])
 6 SYSTEMPATH\CodeIgniter.php(951): App\Controllers\MagasinierController->listerCategories()
 7 SYSTEMPATH\CodeIgniter.php(497): CodeIgniter\CodeIgniter->runController(Object(App\Controllers\MagasinierController))
 8 SYSTEMPATH\CodeIgniter.php(340): CodeIgniter\CodeIgniter->handleRequest(null, Object(Config\Cache), false)
 9 SYSTEMPATH\Boot.php(417): CodeIgniter\CodeIgniter->run()
10 SYSTEMPATH\Boot.php(68): CodeIgniter\Boot::runCodeIgniter(Object(CodeIgniter\CodeIgniter))
11 FCPATH\index.php(59): CodeIgniter\Boot::bootWeb(Object(Config\Paths))
12 SYSTEMPATH\rewrite.php(44): require_once('C:\\Users\\Honore\\Documents\\GitHub\\ecopanier-S4-Mme-Baovola\\public\\index.php')
WARNING - 2026-07-10 05:01:53 --> [DEPRECATED] strtotime(): Passing null to parameter #1 ($datetime) of type string is deprecated in APPPATH\Views\magasinier\categoriesProduits.php on line 140.
 1 APPPATH\Views\magasinier\categoriesProduits.php(140): strtotime(null)
 2 SYSTEMPATH\View\View.php(240): include('C:\\Users\\Honore\\Documents\\GitHub\\ecopanier-S4-Mme-Baovola\\app\\Views\\magasinier\\categoriesProduits.php')
 3 SYSTEMPATH\View\View.php(243): CodeIgniter\View\View->{closure:CodeIgniter\View\View::render():237}()
 4 SYSTEMPATH\Common.php(1250): CodeIgniter\View\View->render('magasinier/categoriesProduits', [], true)
 5 APPPATH\Controllers\MagasinierController.php(48): view('magasinier/categoriesProduits', [...])
 6 SYSTEMPATH\CodeIgniter.php(951): App\Controllers\MagasinierController->listerCategories()
 7 SYSTEMPATH\CodeIgniter.php(497): CodeIgniter\CodeIgniter->runController(Object(App\Controllers\MagasinierController))
 8 SYSTEMPATH\CodeIgniter.php(340): CodeIgniter\CodeIgniter->handleRequest(null, Object(Config\Cache), false)
 9 SYSTEMPATH\Boot.php(417): CodeIgniter\CodeIgniter->run()
10 SYSTEMPATH\Boot.php(68): CodeIgniter\Boot::runCodeIgniter(Object(CodeIgniter\CodeIgniter))
11 FCPATH\index.php(59): CodeIgniter\Boot::bootWeb(Object(Config\Paths))
12 SYSTEMPATH\rewrite.php(44): require_once('C:\\Users\\Honore\\Documents\\GitHub\\ecopanier-S4-Mme-Baovola\\public\\index.php')
DEBUG - 2026-07-10 05:01:55 --> Session: Class initialized using 'CodeIgniter\Session\Handlers\FileHandler' driver.
DEBUG - 2026-07-10 05:01:55 --> Session: Class initialized using 'CodeIgniter\Session\Handlers\FileHandler' driver.
DEBUG - 2026-07-10 05:01:56 --> Session: Class initialized using 'CodeIgniter\Session\Handlers\FileHandler' driver.
CRITICAL - 2026-07-10 05:01:56 --> CodeIgniter\Exceptions\BadMethodCallException: Call to undefined method App\Models\ProduitModel::getHistoriqueMouvements
[Method: GET, Route: magasinier/historique]
in SYSTEMPATH\Model.php on line 761.
 1 APPPATH\Services\HistoriqueService.php(19): CodeIgniter\Model->__call('getHistoriqueMouvements', [...])
 2 APPPATH\Controllers\AchatStockController.php(82): App\Services\HistoriqueService->getHistoriqueAvecFiltres([])
 3 SYSTEMPATH\CodeIgniter.php(951): App\Controllers\AchatStockController->historique()
 4 SYSTEMPATH\CodeIgniter.php(497): CodeIgniter\CodeIgniter->runController(Object(App\Controllers\AchatStockController))
 5 SYSTEMPATH\CodeIgniter.php(340): CodeIgniter\CodeIgniter->handleRequest(null, Object(Config\Cache), false)
 6 SYSTEMPATH\Boot.php(417): CodeIgniter\CodeIgniter->run()
 7 SYSTEMPATH\Boot.php(68): CodeIgniter\Boot::runCodeIgniter(Object(CodeIgniter\CodeIgniter))
 8 FCPATH\index.php(59): CodeIgniter\Boot::bootWeb(Object(Config\Paths))
 9 SYSTEMPATH\rewrite.php(44): require_once('C:\\Users\\Honore\\Documents\\GitHub\\ecopanier-S4-Mme-Baovola\\public\\index.php')
DEBUG - 2026-07-10 05:01:58 --> Session: Class initialized using 'CodeIgniter\Session\Handlers\FileHandler' driver.
DEBUG - 2026-07-10 05:02:03 --> Session: Class initialized using 'CodeIgniter\Session\Handlers\FileHandler' driver.
DEBUG - 2026-07-10 06:29:06 --> Session: Class initialized using 'CodeIgniter\Session\Handlers\FileHandler' driver.
DEBUG - 2026-07-10 06:29:06 --> Session: Class initialized using 'CodeIgniter\Session\Handlers\FileHandler' driver.
DEBUG - 2026-07-10 06:29:27 --> Session: Class initialized using 'CodeIgniter\Session\Handlers\FileHandler' driver.
DEBUG - 2026-07-10 06:29:27 --> Session: Class initialized using 'CodeIgniter\Session\Handlers\FileHandler' driver.
DEBUG - 2026-07-10 06:29:34 --> Session: Class initialized using 'CodeIgniter\Session\Handlers\FileHandler' driver.
WARNING - 2026-07-10 06:29:35 --> [DEPRECATED] strtotime(): Passing null to parameter #1 ($datetime) of type string is deprecated in APPPATH\Views\magasinier\categoriesProduits.php on line 140.
 1 APPPATH\Views\magasinier\categoriesProduits.php(140): strtotime(null)
 2 SYSTEMPATH\View\View.php(240): include('C:\\Users\\Honore\\Documents\\GitHub\\ecopanier-S4-Mme-Baovola\\app\\Views\\magasinier\\categoriesProduits.php')
 3 SYSTEMPATH\View\View.php(243): CodeIgniter\View\View->{closure:CodeIgniter\View\View::render():237}()
 4 SYSTEMPATH\Common.php(1250): CodeIgniter\View\View->render('magasinier/categoriesProduits', [], true)
 5 APPPATH\Controllers\MagasinierController.php(48): view('magasinier/categoriesProduits', [...])
 6 SYSTEMPATH\CodeIgniter.php(951): App\Controllers\MagasinierController->listerCategories()
 7 SYSTEMPATH\CodeIgniter.php(497): CodeIgniter\CodeIgniter->runController(Object(App\Controllers\MagasinierController))
 8 SYSTEMPATH\CodeIgniter.php(340): CodeIgniter\CodeIgniter->handleRequest(null, Object(Config\Cache), false)
 9 SYSTEMPATH\Boot.php(417): CodeIgniter\CodeIgniter->run()
10 SYSTEMPATH\Boot.php(68): CodeIgniter\Boot::runCodeIgniter(Object(CodeIgniter\CodeIgniter))
11 FCPATH\index.php(59): CodeIgniter\Boot::bootWeb(Object(Config\Paths))
12 SYSTEMPATH\rewrite.php(44): require_once('C:\\Users\\Honore\\Documents\\GitHub\\ecopanier-S4-Mme-Baovola\\public\\index.php')
WARNING - 2026-07-10 06:29:35 --> [DEPRECATED] strtotime(): Passing null to parameter #1 ($datetime) of type string is deprecated in APPPATH\Views\magasinier\categoriesProduits.php on line 140.
 1 APPPATH\Views\magasinier\categoriesProduits.php(140): strtotime(null)
 2 SYSTEMPATH\View\View.php(240): include('C:\\Users\\Honore\\Documents\\GitHub\\ecopanier-S4-Mme-Baovola\\app\\Views\\magasinier\\categoriesProduits.php')
 3 SYSTEMPATH\View\View.php(243): CodeIgniter\View\View->{closure:CodeIgniter\View\View::render():237}()
 4 SYSTEMPATH\Common.php(1250): CodeIgniter\View\View->render('magasinier/categoriesProduits', [], true)
 5 APPPATH\Controllers\MagasinierController.php(48): view('magasinier/categoriesProduits', [...])
 6 SYSTEMPATH\CodeIgniter.php(951): App\Controllers\MagasinierController->listerCategories()
 7 SYSTEMPATH\CodeIgniter.php(497): CodeIgniter\CodeIgniter->runController(Object(App\Controllers\MagasinierController))
 8 SYSTEMPATH\CodeIgniter.php(340): CodeIgniter\CodeIgniter->handleRequest(null, Object(Config\Cache), false)
 9 SYSTEMPATH\Boot.php(417): CodeIgniter\CodeIgniter->run()
10 SYSTEMPATH\Boot.php(68): CodeIgniter\Boot::runCodeIgniter(Object(CodeIgniter\CodeIgniter))
11 FCPATH\index.php(59): CodeIgniter\Boot::bootWeb(Object(Config\Paths))
12 SYSTEMPATH\rewrite.php(44): require_once('C:\\Users\\Honore\\Documents\\GitHub\\ecopanier-S4-Mme-Baovola\\public\\index.php')
WARNING - 2026-07-10 06:29:35 --> [DEPRECATED] strtotime(): Passing null to parameter #1 ($datetime) of type string is deprecated in APPPATH\Views\magasinier\categoriesProduits.php on line 140.
 1 APPPATH\Views\magasinier\categoriesProduits.php(140): strtotime(null)
 2 SYSTEMPATH\View\View.php(240): include('C:\\Users\\Honore\\Documents\\GitHub\\ecopanier-S4-Mme-Baovola\\app\\Views\\magasinier\\categoriesProduits.php')
 3 SYSTEMPATH\View\View.php(243): CodeIgniter\View\View->{closure:CodeIgniter\View\View::render():237}()
 4 SYSTEMPATH\Common.php(1250): CodeIgniter\View\View->render('magasinier/categoriesProduits', [], true)
 5 APPPATH\Controllers\MagasinierController.php(48): view('magasinier/categoriesProduits', [...])
 6 SYSTEMPATH\CodeIgniter.php(951): App\Controllers\MagasinierController->listerCategories()
 7 SYSTEMPATH\CodeIgniter.php(497): CodeIgniter\CodeIgniter->runController(Object(App\Controllers\MagasinierController))
 8 SYSTEMPATH\CodeIgniter.php(340): CodeIgniter\CodeIgniter->handleRequest(null, Object(Config\Cache), false)
 9 SYSTEMPATH\Boot.php(417): CodeIgniter\CodeIgniter->run()
10 SYSTEMPATH\Boot.php(68): CodeIgniter\Boot::runCodeIgniter(Object(CodeIgniter\CodeIgniter))
11 FCPATH\index.php(59): CodeIgniter\Boot::bootWeb(Object(Config\Paths))
12 SYSTEMPATH\rewrite.php(44): require_once('C:\\Users\\Honore\\Documents\\GitHub\\ecopanier-S4-Mme-Baovola\\public\\index.php')
WARNING - 2026-07-10 06:29:35 --> [DEPRECATED] strtotime(): Passing null to parameter #1 ($datetime) of type string is deprecated in APPPATH\Views\magasinier\categoriesProduits.php on line 140.
 1 APPPATH\Views\magasinier\categoriesProduits.php(140): strtotime(null)
 2 SYSTEMPATH\View\View.php(240): include('C:\\Users\\Honore\\Documents\\GitHub\\ecopanier-S4-Mme-Baovola\\app\\Views\\magasinier\\categoriesProduits.php')
 3 SYSTEMPATH\View\View.php(243): CodeIgniter\View\View->{closure:CodeIgniter\View\View::render():237}()
 4 SYSTEMPATH\Common.php(1250): CodeIgniter\View\View->render('magasinier/categoriesProduits', [], true)
 5 APPPATH\Controllers\MagasinierController.php(48): view('magasinier/categoriesProduits', [...])
 6 SYSTEMPATH\CodeIgniter.php(951): App\Controllers\MagasinierController->listerCategories()
 7 SYSTEMPATH\CodeIgniter.php(497): CodeIgniter\CodeIgniter->runController(Object(App\Controllers\MagasinierController))
 8 SYSTEMPATH\CodeIgniter.php(340): CodeIgniter\CodeIgniter->handleRequest(null, Object(Config\Cache), false)
 9 SYSTEMPATH\Boot.php(417): CodeIgniter\CodeIgniter->run()
10 SYSTEMPATH\Boot.php(68): CodeIgniter\Boot::runCodeIgniter(Object(CodeIgniter\CodeIgniter))
11 FCPATH\index.php(59): CodeIgniter\Boot::bootWeb(Object(Config\Paths))
12 SYSTEMPATH\rewrite.php(44): require_once('C:\\Users\\Honore\\Documents\\GitHub\\ecopanier-S4-Mme-Baovola\\public\\index.php')
DEBUG - 2026-07-10 06:29:35 --> Session: Class initialized using 'CodeIgniter\Session\Handlers\FileHandler' driver.
DEBUG - 2026-07-10 06:29:35 --> Session: Class initialized using 'CodeIgniter\Session\Handlers\FileHandler' driver.
WARNING - 2026-07-10 06:29:36 --> [DEPRECATED] strtotime(): Passing null to parameter #1 ($datetime) of type string is deprecated in APPPATH\Views\magasinier\categoriesProduits.php on line 140.
 1 APPPATH\Views\magasinier\categoriesProduits.php(140): strtotime(null)
 2 SYSTEMPATH\View\View.php(240): include('C:\\Users\\Honore\\Documents\\GitHub\\ecopanier-S4-Mme-Baovola\\app\\Views\\magasinier\\categoriesProduits.php')
 3 SYSTEMPATH\View\View.php(243): CodeIgniter\View\View->{closure:CodeIgniter\View\View::render():237}()
 4 SYSTEMPATH\Common.php(1250): CodeIgniter\View\View->render('magasinier/categoriesProduits', [], true)
 5 APPPATH\Controllers\MagasinierController.php(48): view('magasinier/categoriesProduits', [...])
 6 SYSTEMPATH\CodeIgniter.php(951): App\Controllers\MagasinierController->listerCategories()
 7 SYSTEMPATH\CodeIgniter.php(497): CodeIgniter\CodeIgniter->runController(Object(App\Controllers\MagasinierController))
 8 SYSTEMPATH\CodeIgniter.php(340): CodeIgniter\CodeIgniter->handleRequest(null, Object(Config\Cache), false)
 9 SYSTEMPATH\Boot.php(417): CodeIgniter\CodeIgniter->run()
10 SYSTEMPATH\Boot.php(68): CodeIgniter\Boot::runCodeIgniter(Object(CodeIgniter\CodeIgniter))
11 FCPATH\index.php(59): CodeIgniter\Boot::bootWeb(Object(Config\Paths))
12 SYSTEMPATH\rewrite.php(44): require_once('C:\\Users\\Honore\\Documents\\GitHub\\ecopanier-S4-Mme-Baovola\\public\\index.php')
WARNING - 2026-07-10 06:29:36 --> [DEPRECATED] strtotime(): Passing null to parameter #1 ($datetime) of type string is deprecated in APPPATH\Views\magasinier\categoriesProduits.php on line 140.
 1 APPPATH\Views\magasinier\categoriesProduits.php(140): strtotime(null)
 2 SYSTEMPATH\View\View.php(240): include('C:\\Users\\Honore\\Documents\\GitHub\\ecopanier-S4-Mme-Baovola\\app\\Views\\magasinier\\categoriesProduits.php')
 3 SYSTEMPATH\View\View.php(243): CodeIgniter\View\View->{closure:CodeIgniter\View\View::render():237}()
 4 SYSTEMPATH\Common.php(1250): CodeIgniter\View\View->render('magasinier/categoriesProduits', [], true)
 5 APPPATH\Controllers\MagasinierController.php(48): view('magasinier/categoriesProduits', [...])
 6 SYSTEMPATH\CodeIgniter.php(951): App\Controllers\MagasinierController->listerCategories()
 7 SYSTEMPATH\CodeIgniter.php(497): CodeIgniter\CodeIgniter->runController(Object(App\Controllers\MagasinierController))
 8 SYSTEMPATH\CodeIgniter.php(340): CodeIgniter\CodeIgniter->handleRequest(null, Object(Config\Cache), false)
 9 SYSTEMPATH\Boot.php(417): CodeIgniter\CodeIgniter->run()
10 SYSTEMPATH\Boot.php(68): CodeIgniter\Boot::runCodeIgniter(Object(CodeIgniter\CodeIgniter))
11 FCPATH\index.php(59): CodeIgniter\Boot::bootWeb(Object(Config\Paths))
12 SYSTEMPATH\rewrite.php(44): require_once('C:\\Users\\Honore\\Documents\\GitHub\\ecopanier-S4-Mme-Baovola\\public\\index.php')
WARNING - 2026-07-10 06:29:36 --> [DEPRECATED] strtotime(): Passing null to parameter #1 ($datetime) of type string is deprecated in APPPATH\Views\magasinier\categoriesProduits.php on line 140.
 1 APPPATH\Views\magasinier\categoriesProduits.php(140): strtotime(null)
 2 SYSTEMPATH\View\View.php(240): include('C:\\Users\\Honore\\Documents\\GitHub\\ecopanier-S4-Mme-Baovola\\app\\Views\\magasinier\\categoriesProduits.php')
 3 SYSTEMPATH\View\View.php(243): CodeIgniter\View\View->{closure:CodeIgniter\View\View::render():237}()
 4 SYSTEMPATH\Common.php(1250): CodeIgniter\View\View->render('magasinier/categoriesProduits', [], true)
 5 APPPATH\Controllers\MagasinierController.php(48): view('magasinier/categoriesProduits', [...])
 6 SYSTEMPATH\CodeIgniter.php(951): App\Controllers\MagasinierController->listerCategories()
 7 SYSTEMPATH\CodeIgniter.php(497): CodeIgniter\CodeIgniter->runController(Object(App\Controllers\MagasinierController))
 8 SYSTEMPATH\CodeIgniter.php(340): CodeIgniter\CodeIgniter->handleRequest(null, Object(Config\Cache), false)
 9 SYSTEMPATH\Boot.php(417): CodeIgniter\CodeIgniter->run()
10 SYSTEMPATH\Boot.php(68): CodeIgniter\Boot::runCodeIgniter(Object(CodeIgniter\CodeIgniter))
11 FCPATH\index.php(59): CodeIgniter\Boot::bootWeb(Object(Config\Paths))
12 SYSTEMPATH\rewrite.php(44): require_once('C:\\Users\\Honore\\Documents\\GitHub\\ecopanier-S4-Mme-Baovola\\public\\index.php')
WARNING - 2026-07-10 06:29:36 --> [DEPRECATED] strtotime(): Passing null to parameter #1 ($datetime) of type string is deprecated in APPPATH\Views\magasinier\categoriesProduits.php on line 140.
 1 APPPATH\Views\magasinier\categoriesProduits.php(140): strtotime(null)
 2 SYSTEMPATH\View\View.php(240): include('C:\\Users\\Honore\\Documents\\GitHub\\ecopanier-S4-Mme-Baovola\\app\\Views\\magasinier\\categoriesProduits.php')
 3 SYSTEMPATH\View\View.php(243): CodeIgniter\View\View->{closure:CodeIgniter\View\View::render():237}()
 4 SYSTEMPATH\Common.php(1250): CodeIgniter\View\View->render('magasinier/categoriesProduits', [], true)
 5 APPPATH\Controllers\MagasinierController.php(48): view('magasinier/categoriesProduits', [...])
 6 SYSTEMPATH\CodeIgniter.php(951): App\Controllers\MagasinierController->listerCategories()
 7 SYSTEMPATH\CodeIgniter.php(497): CodeIgniter\CodeIgniter->runController(Object(App\Controllers\MagasinierController))
 8 SYSTEMPATH\CodeIgniter.php(340): CodeIgniter\CodeIgniter->handleRequest(null, Object(Config\Cache), false)
 9 SYSTEMPATH\Boot.php(417): CodeIgniter\CodeIgniter->run()
10 SYSTEMPATH\Boot.php(68): CodeIgniter\Boot::runCodeIgniter(Object(CodeIgniter\CodeIgniter))
11 FCPATH\index.php(59): CodeIgniter\Boot::bootWeb(Object(Config\Paths))
12 SYSTEMPATH\rewrite.php(44): require_once('C:\\Users\\Honore\\Documents\\GitHub\\ecopanier-S4-Mme-Baovola\\public\\index.php')
DEBUG - 2026-07-10 06:29:36 --> Session: Class initialized using 'CodeIgniter\Session\Handlers\FileHandler' driver.
DEBUG - 2026-07-10 06:29:36 --> Session: Class initialized using 'CodeIgniter\Session\Handlers\FileHandler' driver.
WARNING - 2026-07-10 06:29:36 --> [DEPRECATED] strtotime(): Passing null to parameter #1 ($datetime) of type string is deprecated in APPPATH\Views\magasinier\categoriesProduits.php on line 140.
 1 APPPATH\Views\magasinier\categoriesProduits.php(140): strtotime(null)
 2 SYSTEMPATH\View\View.php(240): include('C:\\Users\\Honore\\Documents\\GitHub\\ecopanier-S4-Mme-Baovola\\app\\Views\\magasinier\\categoriesProduits.php')
 3 SYSTEMPATH\View\View.php(243): CodeIgniter\View\View->{closure:CodeIgniter\View\View::render():237}()
 4 SYSTEMPATH\Common.php(1250): CodeIgniter\View\View->render('magasinier/categoriesProduits', [], true)
 5 APPPATH\Controllers\MagasinierController.php(48): view('magasinier/categoriesProduits', [...])
 6 SYSTEMPATH\CodeIgniter.php(951): App\Controllers\MagasinierController->listerCategories()
 7 SYSTEMPATH\CodeIgniter.php(497): CodeIgniter\CodeIgniter->runController(Object(App\Controllers\MagasinierController))
 8 SYSTEMPATH\CodeIgniter.php(340): CodeIgniter\CodeIgniter->handleRequest(null, Object(Config\Cache), false)
 9 SYSTEMPATH\Boot.php(417): CodeIgniter\CodeIgniter->run()
10 SYSTEMPATH\Boot.php(68): CodeIgniter\Boot::runCodeIgniter(Object(CodeIgniter\CodeIgniter))
11 FCPATH\index.php(59): CodeIgniter\Boot::bootWeb(Object(Config\Paths))
12 SYSTEMPATH\rewrite.php(44): require_once('C:\\Users\\Honore\\Documents\\GitHub\\ecopanier-S4-Mme-Baovola\\public\\index.php')
WARNING - 2026-07-10 06:29:36 --> [DEPRECATED] strtotime(): Passing null to parameter #1 ($datetime) of type string is deprecated in APPPATH\Views\magasinier\categoriesProduits.php on line 140.
 1 APPPATH\Views\magasinier\categoriesProduits.php(140): strtotime(null)
 2 SYSTEMPATH\View\View.php(240): include('C:\\Users\\Honore\\Documents\\GitHub\\ecopanier-S4-Mme-Baovola\\app\\Views\\magasinier\\categoriesProduits.php')
 3 SYSTEMPATH\View\View.php(243): CodeIgniter\View\View->{closure:CodeIgniter\View\View::render():237}()
 4 SYSTEMPATH\Common.php(1250): CodeIgniter\View\View->render('magasinier/categoriesProduits', [], true)
 5 APPPATH\Controllers\MagasinierController.php(48): view('magasinier/categoriesProduits', [...])
 6 SYSTEMPATH\CodeIgniter.php(951): App\Controllers\MagasinierController->listerCategories()
 7 SYSTEMPATH\CodeIgniter.php(497): CodeIgniter\CodeIgniter->runController(Object(App\Controllers\MagasinierController))
 8 SYSTEMPATH\CodeIgniter.php(340): CodeIgniter\CodeIgniter->handleRequest(null, Object(Config\Cache), false)
 9 SYSTEMPATH\Boot.php(417): CodeIgniter\CodeIgniter->run()
10 SYSTEMPATH\Boot.php(68): CodeIgniter\Boot::runCodeIgniter(Object(CodeIgniter\CodeIgniter))
11 FCPATH\index.php(59): CodeIgniter\Boot::bootWeb(Object(Config\Paths))
12 SYSTEMPATH\rewrite.php(44): require_once('C:\\Users\\Honore\\Documents\\GitHub\\ecopanier-S4-Mme-Baovola\\public\\index.php')
WARNING - 2026-07-10 06:29:36 --> [DEPRECATED] strtotime(): Passing null to parameter #1 ($datetime) of type string is deprecated in APPPATH\Views\magasinier\categoriesProduits.php on line 140.
 1 APPPATH\Views\magasinier\categoriesProduits.php(140): strtotime(null)
 2 SYSTEMPATH\View\View.php(240): include('C:\\Users\\Honore\\Documents\\GitHub\\ecopanier-S4-Mme-Baovola\\app\\Views\\magasinier\\categoriesProduits.php')
 3 SYSTEMPATH\View\View.php(243): CodeIgniter\View\View->{closure:CodeIgniter\View\View::render():237}()
 4 SYSTEMPATH\Common.php(1250): CodeIgniter\View\View->render('magasinier/categoriesProduits', [], true)
 5 APPPATH\Controllers\MagasinierController.php(48): view('magasinier/categoriesProduits', [...])
 6 SYSTEMPATH\CodeIgniter.php(951): App\Controllers\MagasinierController->listerCategories()
 7 SYSTEMPATH\CodeIgniter.php(497): CodeIgniter\CodeIgniter->runController(Object(App\Controllers\MagasinierController))
 8 SYSTEMPATH\CodeIgniter.php(340): CodeIgniter\CodeIgniter->handleRequest(null, Object(Config\Cache), false)
 9 SYSTEMPATH\Boot.php(417): CodeIgniter\CodeIgniter->run()
10 SYSTEMPATH\Boot.php(68): CodeIgniter\Boot::runCodeIgniter(Object(CodeIgniter\CodeIgniter))
11 FCPATH\index.php(59): CodeIgniter\Boot::bootWeb(Object(Config\Paths))
12 SYSTEMPATH\rewrite.php(44): require_once('C:\\Users\\Honore\\Documents\\GitHub\\ecopanier-S4-Mme-Baovola\\public\\index.php')
WARNING - 2026-07-10 06:29:36 --> [DEPRECATED] strtotime(): Passing null to parameter #1 ($datetime) of type string is deprecated in APPPATH\Views\magasinier\categoriesProduits.php on line 140.
 1 APPPATH\Views\magasinier\categoriesProduits.php(140): strtotime(null)
 2 SYSTEMPATH\View\View.php(240): include('C:\\Users\\Honore\\Documents\\GitHub\\ecopanier-S4-Mme-Baovola\\app\\Views\\magasinier\\categoriesProduits.php')
 3 SYSTEMPATH\View\View.php(243): CodeIgniter\View\View->{closure:CodeIgniter\View\View::render():237}()
 4 SYSTEMPATH\Common.php(1250): CodeIgniter\View\View->render('magasinier/categoriesProduits', [], true)
 5 APPPATH\Controllers\MagasinierController.php(48): view('magasinier/categoriesProduits', [...])
 6 SYSTEMPATH\CodeIgniter.php(951): App\Controllers\MagasinierController->listerCategories()
 7 SYSTEMPATH\CodeIgniter.php(497): CodeIgniter\CodeIgniter->runController(Object(App\Controllers\MagasinierController))
 8 SYSTEMPATH\CodeIgniter.php(340): CodeIgniter\CodeIgniter->handleRequest(null, Object(Config\Cache), false)
 9 SYSTEMPATH\Boot.php(417): CodeIgniter\CodeIgniter->run()
10 SYSTEMPATH\Boot.php(68): CodeIgniter\Boot::runCodeIgniter(Object(CodeIgniter\CodeIgniter))
11 FCPATH\index.php(59): CodeIgniter\Boot::bootWeb(Object(Config\Paths))
12 SYSTEMPATH\rewrite.php(44): require_once('C:\\Users\\Honore\\Documents\\GitHub\\ecopanier-S4-Mme-Baovola\\public\\index.php')
DEBUG - 2026-07-10 06:29:37 --> Session: Class initialized using 'CodeIgniter\Session\Handlers\FileHandler' driver.
DEBUG - 2026-07-10 06:29:38 --> Session: Class initialized using 'CodeIgniter\Session\Handlers\FileHandler' driver.
WARNING - 2026-07-10 06:29:38 --> [DEPRECATED] strtotime(): Passing null to parameter #1 ($datetime) of type string is deprecated in APPPATH\Views\magasinier\categoriesProduits.php on line 140.
 1 APPPATH\Views\magasinier\categoriesProduits.php(140): strtotime(null)
 2 SYSTEMPATH\View\View.php(240): include('C:\\Users\\Honore\\Documents\\GitHub\\ecopanier-S4-Mme-Baovola\\app\\Views\\magasinier\\categoriesProduits.php')
 3 SYSTEMPATH\View\View.php(243): CodeIgniter\View\View->{closure:CodeIgniter\View\View::render():237}()
 4 SYSTEMPATH\Common.php(1250): CodeIgniter\View\View->render('magasinier/categoriesProduits', [], true)
 5 APPPATH\Controllers\MagasinierController.php(48): view('magasinier/categoriesProduits', [...])
 6 SYSTEMPATH\CodeIgniter.php(951): App\Controllers\MagasinierController->listerCategories()
 7 SYSTEMPATH\CodeIgniter.php(497): CodeIgniter\CodeIgniter->runController(Object(App\Controllers\MagasinierController))
 8 SYSTEMPATH\CodeIgniter.php(340): CodeIgniter\CodeIgniter->handleRequest(null, Object(Config\Cache), false)
 9 SYSTEMPATH\Boot.php(417): CodeIgniter\CodeIgniter->run()
10 SYSTEMPATH\Boot.php(68): CodeIgniter\Boot::runCodeIgniter(Object(CodeIgniter\CodeIgniter))
11 FCPATH\index.php(59): CodeIgniter\Boot::bootWeb(Object(Config\Paths))
12 SYSTEMPATH\rewrite.php(44): require_once('C:\\Users\\Honore\\Documents\\GitHub\\ecopanier-S4-Mme-Baovola\\public\\index.php')
WARNING - 2026-07-10 06:29:38 --> [DEPRECATED] strtotime(): Passing null to parameter #1 ($datetime) of type string is deprecated in APPPATH\Views\magasinier\categoriesProduits.php on line 140.
 1 APPPATH\Views\magasinier\categoriesProduits.php(140): strtotime(null)
 2 SYSTEMPATH\View\View.php(240): include('C:\\Users\\Honore\\Documents\\GitHub\\ecopanier-S4-Mme-Baovola\\app\\Views\\magasinier\\categoriesProduits.php')
 3 SYSTEMPATH\View\View.php(243): CodeIgniter\View\View->{closure:CodeIgniter\View\View::render():237}()
 4 SYSTEMPATH\Common.php(1250): CodeIgniter\View\View->render('magasinier/categoriesProduits', [], true)
 5 APPPATH\Controllers\MagasinierController.php(48): view('magasinier/categoriesProduits', [...])
 6 SYSTEMPATH\CodeIgniter.php(951): App\Controllers\MagasinierController->listerCategories()
 7 SYSTEMPATH\CodeIgniter.php(497): CodeIgniter\CodeIgniter->runController(Object(App\Controllers\MagasinierController))
 8 SYSTEMPATH\CodeIgniter.php(340): CodeIgniter\CodeIgniter->handleRequest(null, Object(Config\Cache), false)
 9 SYSTEMPATH\Boot.php(417): CodeIgniter\CodeIgniter->run()
10 SYSTEMPATH\Boot.php(68): CodeIgniter\Boot::runCodeIgniter(Object(CodeIgniter\CodeIgniter))
11 FCPATH\index.php(59): CodeIgniter\Boot::bootWeb(Object(Config\Paths))
12 SYSTEMPATH\rewrite.php(44): require_once('C:\\Users\\Honore\\Documents\\GitHub\\ecopanier-S4-Mme-Baovola\\public\\index.php')
WARNING - 2026-07-10 06:29:38 --> [DEPRECATED] strtotime(): Passing null to parameter #1 ($datetime) of type string is deprecated in APPPATH\Views\magasinier\categoriesProduits.php on line 140.
 1 APPPATH\Views\magasinier\categoriesProduits.php(140): strtotime(null)
 2 SYSTEMPATH\View\View.php(240): include('C:\\Users\\Honore\\Documents\\GitHub\\ecopanier-S4-Mme-Baovola\\app\\Views\\magasinier\\categoriesProduits.php')
 3 SYSTEMPATH\View\View.php(243): CodeIgniter\View\View->{closure:CodeIgniter\View\View::render():237}()
 4 SYSTEMPATH\Common.php(1250): CodeIgniter\View\View->render('magasinier/categoriesProduits', [], true)
 5 APPPATH\Controllers\MagasinierController.php(48): view('magasinier/categoriesProduits', [...])
 6 SYSTEMPATH\CodeIgniter.php(951): App\Controllers\MagasinierController->listerCategories()
 7 SYSTEMPATH\CodeIgniter.php(497): CodeIgniter\CodeIgniter->runController(Object(App\Controllers\MagasinierController))
 8 SYSTEMPATH\CodeIgniter.php(340): CodeIgniter\CodeIgniter->handleRequest(null, Object(Config\Cache), false)
 9 SYSTEMPATH\Boot.php(417): CodeIgniter\CodeIgniter->run()
10 SYSTEMPATH\Boot.php(68): CodeIgniter\Boot::runCodeIgniter(Object(CodeIgniter\CodeIgniter))
11 FCPATH\index.php(59): CodeIgniter\Boot::bootWeb(Object(Config\Paths))
12 SYSTEMPATH\rewrite.php(44): require_once('C:\\Users\\Honore\\Documents\\GitHub\\ecopanier-S4-Mme-Baovola\\public\\index.php')
WARNING - 2026-07-10 06:29:38 --> [DEPRECATED] strtotime(): Passing null to parameter #1 ($datetime) of type string is deprecated in APPPATH\Views\magasinier\categoriesProduits.php on line 140.
 1 APPPATH\Views\magasinier\categoriesProduits.php(140): strtotime(null)
 2 SYSTEMPATH\View\View.php(240): include('C:\\Users\\Honore\\Documents\\GitHub\\ecopanier-S4-Mme-Baovola\\app\\Views\\magasinier\\categoriesProduits.php')
 3 SYSTEMPATH\View\View.php(243): CodeIgniter\View\View->{closure:CodeIgniter\View\View::render():237}()
 4 SYSTEMPATH\Common.php(1250): CodeIgniter\View\View->render('magasinier/categoriesProduits', [], true)
 5 APPPATH\Controllers\MagasinierController.php(48): view('magasinier/categoriesProduits', [...])
 6 SYSTEMPATH\CodeIgniter.php(951): App\Controllers\MagasinierController->listerCategories()
 7 SYSTEMPATH\CodeIgniter.php(497): CodeIgniter\CodeIgniter->runController(Object(App\Controllers\MagasinierController))
 8 SYSTEMPATH\CodeIgniter.php(340): CodeIgniter\CodeIgniter->handleRequest(null, Object(Config\Cache), false)
 9 SYSTEMPATH\Boot.php(417): CodeIgniter\CodeIgniter->run()
10 SYSTEMPATH\Boot.php(68): CodeIgniter\Boot::runCodeIgniter(Object(CodeIgniter\CodeIgniter))
11 FCPATH\index.php(59): CodeIgniter\Boot::bootWeb(Object(Config\Paths))
12 SYSTEMPATH\rewrite.php(44): require_once('C:\\Users\\Honore\\Documents\\GitHub\\ecopanier-S4-Mme-Baovola\\public\\index.php')
DEBUG - 2026-07-10 06:29:40 --> Session: Class initialized using 'CodeIgniter\Session\Handlers\FileHandler' driver.
DEBUG - 2026-07-10 06:29:40 --> Session: Class initialized using 'CodeIgniter\Session\Handlers\FileHandler' driver.
DEBUG - 2026-07-10 06:29:53 --> Session: Class initialized using 'CodeIgniter\Session\Handlers\FileHandler' driver.
DEBUG - 2026-07-10 06:29:54 --> Session: Class initialized using 'CodeIgniter\Session\Handlers\FileHandler' driver.
DEBUG - 2026-07-10 06:29:56 --> Session: Class initialized using 'CodeIgniter\Session\Handlers\FileHandler' driver.
DEBUG - 2026-07-10 06:30:04 --> Session: Class initialized using 'CodeIgniter\Session\Handlers\FileHandler' driver.
DEBUG - 2026-07-10 06:30:06 --> Session: Class initialized using 'CodeIgniter\Session\Handlers\FileHandler' driver.
DEBUG - 2026-07-10 06:30:09 --> Session: Class initialized using 'CodeIgniter\Session\Handlers\FileHandler' driver.
CRITICAL - 2026-07-10 06:30:09 --> CodeIgniter\View\Exceptions\ViewException: Invalid file: "agent/clients.php"
[Method: GET, Route: agent/clients]
in SYSTEMPATH\Exceptions\FrameworkException.php on line 39.
 1 SYSTEMPATH\View\View.php(228): CodeIgniter\Exceptions\FrameworkException::forInvalidFile('agent/clients.php')
 2 SYSTEMPATH\Common.php(1250): CodeIgniter\View\View->render('agent/clients', [], true)
 3 APPPATH\Controllers\AgentController.php(21): view('agent/clients')
 4 SYSTEMPATH\CodeIgniter.php(951): App\Controllers\AgentController->clients()
 5 SYSTEMPATH\CodeIgniter.php(497): CodeIgniter\CodeIgniter->runController(Object(App\Controllers\AgentController))
 6 SYSTEMPATH\CodeIgniter.php(340): CodeIgniter\CodeIgniter->handleRequest(null, Object(Config\Cache), false)
 7 SYSTEMPATH\Boot.php(417): CodeIgniter\CodeIgniter->run()
 8 SYSTEMPATH\Boot.php(68): CodeIgniter\Boot::runCodeIgniter(Object(CodeIgniter\CodeIgniter))
 9 FCPATH\index.php(59): CodeIgniter\Boot::bootWeb(Object(Config\Paths))
10 SYSTEMPATH\rewrite.php(44): require_once('C:\\Users\\Honore\\Documents\\GitHub\\ecopanier-S4-Mme-Baovola\\public\\index.php')
DEBUG - 2026-07-10 06:30:11 --> Session: Class initialized using 'CodeIgniter\Session\Handlers\FileHandler' driver.
DEBUG - 2026-07-10 06:30:11 --> Session: Class initialized using 'CodeIgniter\Session\Handlers\FileHandler' driver.
DEBUG - 2026-07-10 06:30:12 --> Session: Class initialized using 'CodeIgniter\Session\Handlers\FileHandler' driver.
DEBUG - 2026-07-10 06:30:13 --> Session: Class initialized using 'CodeIgniter\Session\Handlers\FileHandler' driver.
DEBUG - 2026-07-10 06:30:15 --> Session: Class initialized using 'CodeIgniter\Session\Handlers\FileHandler' driver.
DEBUG - 2026-07-10 06:30:17 --> Session: Class initialized using 'CodeIgniter\Session\Handlers\FileHandler' driver.
DEBUG - 2026-07-10 06:30:18 --> Session: Class initialized using 'CodeIgniter\Session\Handlers\FileHandler' driver.
